<html>
<body>
<pre>
<h1>µVision Build Log</h1>
<h2>Tool Versions:</h2>
IDE-Version: ¦ÌVision V5.33.0.0
Copyright (C) 2020 ARM Ltd and ARM Germany GmbH. All rights reserved.
License Information: w AFShk, qad, LIC=YA39H-W5K5V-LQQ0Q-NLQR5-BAKN1-33DPE
 
Tool Versions:
Toolchain:       MDK-ARM Plus  Version: 5.33.0.0
Toolchain Path:  D:\Program Files (x86)\Keil_v5\ARM\ARMCC\Bin
C Compiler:      Armcc.exe V5.06 update 7 (build 960)
Assembler:       Armasm.exe V5.06 update 7 (build 960)
Linker/Locator:  ArmLink.exe V5.06 update 7 (build 960)
Library Manager: ArmAr.exe V5.06 update 7 (build 960)
Hex Converter:   FromElf.exe V5.06 update 7 (build 960)
CPU DLL:         SARMCM3.DLL V5.33.0.0
Dialog DLL:      DCM.DLL V1.17.3.0
Target DLL:      CMSIS_AGDI.dll V1.32.12.0
Dialog DLL:      TCM.DLL V1.48.0.0
 
<h2>Project:</h2>
D:\_FILE\RC\RC2022\version3.2\VERSION3_2\MDK-ARM\VERSION3_2.uvprojx
Project File Date:  03/28/2022

<h2>Output:</h2>
*** Using Compiler 'V5.06 update 7 (build 960)', folder: 'D:\Program Files (x86)\Keil_v5\ARM\ARMCC\Bin'
Rebuild target 'VERSION3_2'
assembling startup_stm32f407xx.s...
compiling stm32f4xx_hal_msp.c...
compiling rng.c...
compiling stm32f4xx_hal_timebase_tim.c...
compiling stm32f4xx_it.c...
../Src/stm32f4xx_it.c(268): warning:  #550-D: variable "temp"  was set but never used
  	uint8_t temp;
../Src/stm32f4xx_it.c(288): warning:  #550-D: variable "temp"  was set but never used
  	uint8_t temp;
../Src/stm32f4xx_it.c: 2 warnings, 0 errors
compiling gpio.c...
compiling i2c.c...
compiling crc.c...
compiling usart.c...
compiling tim.c...
compiling dma.c...
compiling can.c...
compiling stm32f4xx_hal_rcc.c...
compiling spi.c...
compiling stm32f4xx_hal_can.c...
compiling main.c...
compiling freertos.c...
compiling stm32f4xx_hal_rcc_ex.c...
compiling stm32f4xx_hal_cortex.c...
compiling stm32f4xx_hal_flash.c...
compiling stm32f4xx_hal_flash_ex.c...
compiling stm32f4xx_hal_flash_ramfunc.c...
compiling stm32f4xx_hal_gpio.c...
compiling croutine.c...
compiling stm32f4xx_hal_dma.c...
compiling stm32f4xx_hal_exti.c...
compiling event_groups.c...
compiling list.c...
compiling stm32f4xx_hal_pwr.c...
compiling stm32f4xx_hal_dma_ex.c...
compiling stm32f4xx_hal_pwr_ex.c...
compiling stm32f4xx_hal_i2c_ex.c...
compiling queue.c...
compiling stream_buffer.c...
compiling stm32f4xx_hal_crc.c...
compiling stm32f4xx_hal.c...
compiling timers.c...
compiling stm32f4xx_hal_rng.c...
compiling heap_4.c...
compiling tasks.c...
compiling cmsis_os.c...
compiling port.c...
compiling user_lib.c...
compiling stm32f4xx_hal_i2c.c...
compiling stm32f4xx_hal_spi.c...
compiling stm32f4xx_hal_tim_ex.c...
compiling system_stm32f4xx.c...
compiling stm32f4xx_hal_uart.c...
compiling stm32f4xx_hal_tim.c...
compiling AHRS_middleware.c...
compiling bsp_rng.c...
compiling bsp_delay.c...
compiling pid.c...
compiling bsp_flash.c...
compiling Data_Processing.c...
compiling bsp_iic.c...
compiling bsp_can.c...
compiling bsp_crc32.c...
compiling bsp_drawer.c...
compiling bsp_spi.c...
compiling Buzzer.c...
compiling frame.c...
compiling door_control.c...
compiling M3508_data.c...
compiling sbus.c...
compiling bmi088.c...
compiling Callback.c...
compiling ist8310.c...
compiling bmi088_driver.c...
compiling move_func_task.c...
compiling CAN_receive.c...
compiling Move_Order.c...
compiling line_detect.c...
linking...
Program Size: Code=47184 RO-data=2712 RW-data=332 ZI-data=46068  
FromELF: creating hex file...
"VERSION3_2\VERSION3_2.axf" - 0 Error(s), 2 Warning(s).

<h2>Software Packages used:</h2>

Package Vendor: ARM
                http://www.keil.com/pack/ARM.CMSIS.5.7.0.pack
                ARM.CMSIS.5.7.0
                CMSIS (Cortex Microcontroller Software Interface Standard)
   * Component: CORE Version: 5.4.0

Package Vendor: Keil
                http://www.keil.com/pack/Keil.STM32F4xx_DFP.2.15.0.pack
                Keil.STM32F4xx_DFP.2.15.0
                STMicroelectronics STM32F4 Series Device Support, Drivers and Examples

<h2>Collection of Component include folders:</h2>
  .\RTE\_VERSION3_2
  D:\Program Files (x86)\Keil_v5\Packs\ARM\CMSIS\5.7.0\CMSIS\Core\Include
  D:\Program Files (x86)\Keil_v5\Packs\Keil\STM32F4xx_DFP\2.15.0\Drivers\CMSIS\Device\ST\STM32F4xx\Include

<h2>Collection of Component Files used:</h2>

   * Component: ARM::CMSIS:CORE:5.4.0
      Include file:  CMSIS\Core\Include\tz_context.h
Build Time Elapsed:  00:00:56
</pre>
</body>
</html>
